>>> matrix_divided([[1, 2, 3], [4, 5, 6]], 2)
[[0.5, 1.0, 1.5], [2.0, 2.5, 3.0]]

>>> matrix_divided([[1.5, 2.5], [3.5, 4.5]], 1.5)
[[1.0, 1.67], [2.33, 3.0]]

>>> matrix_divided([[10, 20], [30, 40]], 10)
[[1.0, 2.0], [3.0, 4.0]]

>>> matrix_divided([[1, 2], [3, 4, 5]], 2)
Traceback (most recent call last):
    ...
TypeError: Each row of the matrix must have the same size

>>> matrix_divided([[1, 2], [3, 4]], 'a')
Traceback (most recent call last):
    ...
TypeError: div must be a number

>>> matrix_divided([[1, 2], [3, 4]], 0)
Traceback (most recent call last):
    ...
ZeroDivisionError: division by zero
