>>> def print_square(size):
...     """Prints a square with the character #."""
...     if type(size) is not int:
...         raise TypeError("size must be an integer")
...     if size < 0:
...         raise ValueError("size must be >= 0")
...     if type(size) is float and size < 0:
...         raise TypeError("size must be an integer")
...     for i in range(size):
...         print("#" * size)
...

>>> print_square(3)
###
###
###
>>> print_square(1)
#
>>> print_square(0)

>>> try:
...     print_square(-1)
... except ValueError as e:
...     print(e)
size must be >= 0

>>> try:
...     print_square(2.5)
... except TypeError as e:
...     print(e)
size must be an integer

>>> try:
...     print_square("size")
... except TypeError as e:
...     print(e)
size must be an integer
